Renesas Optimizing Linker (W2.06.00 )             15-Jul-2017 00:45:02

*** Options ***

-subcommand=LinkerSubCommand.tmp
-input="./r_bsp/board/rskrx23t/dbsct.obj"
-input="./r_bsp/board/rskrx23t/hwsetup.obj"
-input="./r_bsp/board/rskrx23t/lowlvl.obj"
-input="./r_bsp/board/rskrx23t/lowsrc.obj"
-input="./r_bsp/board/rskrx23t/resetprg.obj"
-input="./r_bsp/board/rskrx23t/sbrk.obj"
-input="./r_bsp/board/rskrx23t/vecttbl.obj"
-input="./r_bsp/mcu/all/r_bsp_common.obj"
-input="./r_bsp/mcu/rx23t/cpu.obj"
-input="./r_bsp/mcu/rx23t/locking.obj"
-input="./r_bsp/mcu/rx23t/mcu_clocks.obj"
-input="./r_bsp/mcu/rx23t/mcu_init.obj"
-input="./r_bsp/mcu/rx23t/mcu_interrupts.obj"
-input="./r_bsp/mcu/rx23t/mcu_locks.obj"
-input="./r_flash_rx/src/flash_type_1/r_codeflash.obj"
-input="./r_flash_rx/src/flash_type_1/r_codeflash_extra.obj"
-input="./r_flash_rx/src/flash_type_1/r_dataflash.obj"
-input="./r_flash_rx/src/flash_type_1/r_flash_type1.obj"
-input="./r_flash_rx/src/flash_type_1/r_flash_utils.obj"
-input="./r_flash_rx/src/flash_type_2/r_flash_type2.obj"
-input="./r_flash_rx/src/flash_type_3/r_flash_type3.obj"
-input="./r_flash_rx/src/flash_type_4/r_flash_type4.obj"
-input="./r_flash_rx/src/r_flash_rx.obj"
-input="./src/Flgiht.obj"
-input="./src/SrcUser/ctrl_basic.obj"
-input="./src/SrcUser/ctrl_beep.obj"
-input="./src/SrcUser/ctrl_control.obj"
-input="./src/SrcUser/ctrl_debug.obj"
-input="./src/SrcUser/ctrl_drone_status.obj"
-input="./src/SrcUser/ctrl_encoder.obj"
-input="./src/SrcUser/ctrl_flash.obj"
-input="./src/SrcUser/ctrl_fmu.obj"
-input="./src/SrcUser/ctrl_key.obj"
-input="./src/SrcUser/ctrl_led.obj"
-input="./src/SrcUser/ctrl_map.obj"
-input="./src/SrcUser/ctrl_pid.obj"
-input="./src/SrcUser/ctrl_serial_graph.obj"
-input="./src/SrcUser/ctrl_smp.obj"
-input="./src/SrcUser/ctrl_two_sta_dev.obj"
-input="./src/SrcUser/ctrl_usart.obj"
-input="./src/cg_src/r_cg_cgc.obj"
-input="./src/cg_src/r_cg_cgc_user.obj"
-input="./src/cg_src/r_cg_cmt.obj"
-input="./src/cg_src/r_cg_cmt_user.obj"
-input="./src/cg_src/r_cg_hardware_setup.obj"
-input="./src/cg_src/r_cg_port.obj"
-input="./src/cg_src/r_cg_port_user.obj"
-input="./src/cg_src/r_cg_sci.obj"
-input="./src/cg_src/r_cg_sci_user.obj"
-start=SU,SI,B_1,R_1,B_2,R_2,B,R,RPFRAM/04,C_1,C_2,C,C$*,D*,W*,L,P*/0FFFE0000,EXCEPTVECT/0FFFFFF80,RESETVECT/0FFFFFFFC
-library=G:\UAV\myproject\Flight\HardwareDebug\Flgiht.lib
-noprelink
-list=Flgiht.map
-show
-nooptimize
-debug
-output=G:\UAV\myproject\Flight\HardwareDebug\Flgiht.abs
-rom=D=R,PFRAM=RPFRAM,D_1=R_1,D_2=R_2
-nocompress
-vect=_undefined_interrupt_source_isr
-nomessage
-nologo

*** Error information ***

*** Mapping List ***

SECTION                            START      END         SIZE   ALIGN

SU
                                  00000004  00000403       400   4
SI
                                  00000404  00000603       200   4
B_1
                                  00000604  0000062b        28   1
R_1
                                  0000062c  00000d83       758   1
B_2
                                  00000d84  00000da1        1e   2
R_2
                                  00000da2  00000dd7        36   2
B
                                  00000dd8  000013a3       5cc   4
R
                                  000013a4  00001ab3       710   4
RPFRAM
                                  00001ab4  00002939       e86   1
C_1
                                  fffe0000  fffe0000         0   1
C_2
                                  fffe0000  fffe0007         8   2
C
                                  fffe0008  fffe007f        78   4
C$DSEC
                                  fffe0080  fffe00a3        24   4
C$BSEC
                                  fffe00a4  fffe00bb        18   4
C$VECT
                                  fffe00bc  fffe04bb       400   4
D
                                  fffe04bc  fffe0bcb       710   4
D_1
                                  fffe0bcc  fffe1323       758   1
D_2
                                  fffe1324  fffe1359        36   2
W
                                  fffe135a  fffe135a         0   1
W_1
                                  fffe135a  fffe135a         0   1
W_2
                                  fffe135a  fffe135a         0   1
L
                                  fffe135c  fffe13a1        46   4
P
                                  fffe13a2  fffe59d6      4635   1
PFRAM
                                  fffe59d7  fffe685c       e86   1
EXCEPTVECT
                                  ffffff80  fffffffb        7c   4
RESETVECT
                                  fffffffc  ffffffff         4   4

*** Symbol List ***

SECTION=
FILE=                               START        END    SIZE
  SYMBOL                            ADDR        SIZE    INFO      COUNTS  OPT

SECTION=SU
FILE=.\r_bsp\board\rskrx23t\resetprg.obj
                                  00000004  00000403       400

SECTION=SI
FILE=.\r_bsp\board\rskrx23t\resetprg.obj
                                  00000404  00000603       200

SECTION=B_1
FILE=.\r_bsp\board\rskrx23t\lowsrc.obj
                                  00000604  0000062b        28
  _flmod
                                  00000604        14   data ,g         7
  _sml_buf
                                  00000618        14   data ,g         0

SECTION=R_1
FILE=.\src\SrcUser\ctrl_usart.obj
                                  0000062c  00000d33       708
  _U1TxBuf
                                  0000062c       12c   data ,g         0
  _U1RxBuf
                                  00000758       12c   data ,g         5
  _U2TxBuf
                                  00000884       12c   data ,g         0
  _U2RxBuf
                                  000009b0       12c   data ,g         5
  _U3TxBuf
                                  00000adc       12c   data ,g         0
  _U3RxBuf
                                  00000c08       12c   data ,g         1
FILE=xfiles
                                  00000d34  00000d83        50
  _ebuf
                                  00000d34        50   data ,l         5

SECTION=B_2
FILE=.\r_bsp\mcu\rx23t\cpu.obj
                                  00000d84  00000d8d         a
  _g_protect_counters
                                  00000d84         a   data ,l         6
FILE=.\src\SrcUser\ctrl_flash.obj
                                  00000d8e  00000d95         8
  _RC_Offset_Cache$1
                                  00000d8e         8   data ,l         5
FILE=.\src\cg_src\r_cg_sci.obj
                                  00000d96  00000da1         c
  _g_sci1_tx_count
                                  00000d96         2   data ,g         3
  _g_sci1_rx_count
                                  00000d98         2   data ,g         5
  _g_sci1_rx_length
                                  00000d9a         2   data ,g         3
  _g_sci5_tx_count
                                  00000d9c         2   data ,g         3
  _g_sci5_rx_count
                                  00000d9e         2   data ,g         5
  _g_sci5_rx_length
                                  00000da0         2   data ,g         3

SECTION=R_2
FILE=.\src\SrcUser\ctrl_control.obj
                                  00000da2  00000dcb        2a
  _RC_Offset_Rol
                                  00000da2         2   data ,g         2
  _RC_Offset_Pit
                                  00000da4         2   data ,g         2
  _HomeHeight_cm
                                  00000da6         2   data ,g         4
  _Demo_Act_Num
                                  00000da8         2   data ,g         3
  _Demo_Act_Cnt
                                  00000daa         2   data ,g         3
  _NodeShapeProb
                                  00000dac        12   data ,g         d
  _RC_Offset
                                  00000dbe         8   data ,l         3
  _SpPoint_Cnt$3
                                  00000dc6         2   data ,l         3
  _SpPoint_Cnt$6
                                  00000dc8         2   data ,l         3
  _Lu_Cnt$7
                                  00000dca         2   data ,l         3
FILE=.\src\SrcUser\ctrl_encoder.obj
                                  00000dcc  00000dcf         4
  _Encoder
                                  00000dcc         4   data ,l         4
FILE=.\src\SrcUser\ctrl_fmu.obj
                                  00000dd0  00000dd3         4
  _New_Pkg_Offset$1
                                  00000dd0         2   data ,l         8
  _New_Pkg_Length$2
                                  00000dd2         2   data ,l         9
FILE=.\src\SrcUser\ctrl_smp.obj
                                  00000dd4  00000dd7         4
  _New_Pkg_Offset$1
                                  00000dd4         2   data ,l         8
  _New_Pkg_Length$2
                                  00000dd6         2   data ,l         9

SECTION=B
FILE=.\r_bsp\board\rskrx23t\lowsrc.obj
                                  00000dd8  00000e27        50
  __Files
                                  00000dd8        50   data ,g         5
FILE=.\r_bsp\board\rskrx23t\sbrk.obj
                                  00000e28  00001227       400
  _heap_area
                                  00000e28       400   data ,l         2
FILE=.\r_bsp\mcu\rx23t\mcu_interrupts.obj
                                  00001228  00001253        2c
  _g_bsp_vectors
                                  00001228        2c   data ,l         9
FILE=.\r_bsp\mcu\rx23t\mcu_locks.obj
                                  00001254  0000130f        bc
  _g_bsp_Locks
                                  00001254        bc   data ,g         2
FILE=.\r_flash_rx\src\flash_type_1\r_codeflash.obj
                                  00001310  0000131b         c
  _code_flash_info
                                  00001310         c   data ,l         8
FILE=.\r_flash_rx\src\flash_type_1\r_flash_type1.obj
                                  0000131c  0000131f         4
  _g_flash_lock
                                  0000131c         4   data ,g         0
FILE=.\r_flash_rx\src\r_flash_rx.obj
                                  00001320  0000132b         c
  _g_flash_lock
                                  00001320         4   data ,l         2
  _flash_ready_isr_handler
                                  00001324         4   data ,g         0
  _flash_error_isr_handler
                                  00001328         4   data ,g         0
FILE=.\src\SrcUser\ctrl_basic.obj
                                  0000132c  0000137f        54
  _DataCache$1
                                  0000132c        50   data ,l         3
  _Sum$2
                                  0000137c         4   data ,l         5
FILE=.\src\SrcUser\ctrl_control.obj
                                  00001380  0000138f        10
  _Hover_Start_Stamp$1
                                  00001380         4   data ,l         2
  _Hover_Start_Stamp$2
                                  00001384         4   data ,l         2
  _Hover_Start_Stamp$4
                                  00001388         4   data ,l         2
  _Hover_Ld_Stamp$5
                                  0000138c         4   data ,l         2
FILE=.\src\cg_src\r_cg_sci.obj
                                  00001390  0000139f        10
  _gp_sci1_tx_address
                                  00001390         4   data ,g         3
  _gp_sci1_rx_address
                                  00001394         4   data ,g         3
  _gp_sci5_tx_address
                                  00001398         4   data ,g         3
  _gp_sci5_rx_address
                                  0000139c         4   data ,g         3
FILE=_errno
                                  000013a0  000013a3         4
  __errno
                                  000013a0         4   data ,g         2

SECTION=R
FILE=.\r_bsp\board\rskrx23t\lowsrc.obj
                                  000013a4  000013b7        14
  _env_list
                                  000013a4        10   data ,g         1
  _environ
                                  000013b4         4   data ,g         0
FILE=.\r_bsp\board\rskrx23t\sbrk.obj
                                  000013b8  000013bb         4
  _brk
                                  000013b8         4   data ,l         3
FILE=.\r_flash_rx\src\r_flash_rx.obj
                                  000013bc  000013db        20
  _g_flash_state
                                  000013bc         4   data ,g         8
  _g_current_parameters
                                  000013c0        1c   data ,g        15
FILE=.\src\SrcUser\ctrl_basic.obj
                                  000013dc  000013e3         8
  _SysDelay_ms_Cnt
                                  000013dc         4   data ,g         3
  _Sys_ms
                                  000013e0         4   data ,g         a
FILE=.\src\SrcUser\ctrl_control.obj
                                  000013e4  00001437        54
  _Demo_St_Act
                                  000013e4         4   data ,g         7
  _Demo_StToSp_Act
                                  000013e8         4   data ,g         b
  _Demo_StLdLu_Act
                                  000013ec         4   data ,g         c
  _DroneLanding
                                  000013f0         4   data ,g         3
  _MsgToFMU_Lock
                                  000013f4         4   data ,g         5
  _SysDemo
                                  000013f8         4   data ,g         7
  _DemoCtrlType
                                  000013fc         4   data ,g         5
  _Demo_LostInfo
                                  00001400        2c   data ,g        47
  _NodeShape_Curt
                                  0000142c         4   data ,g         c
  _NodeShape_Last
                                  00001430         4   data ,g         4
  _FindStartPoint_ms_Left
                                  00001434         4   data ,g         7
FILE=.\src\SrcUser\ctrl_drone_status.obj
                                  00001438  0000143f         8
  _Drone_Unlock_ms
                                  00001438         4   data ,g         3
  _DroneUnlocking
                                  0000143c         4   data ,g         3
FILE=.\src\SrcUser\ctrl_flash.obj
                                  00001440  00001447         8
  _En_RC_Offset_Update
                                  00001440         4   data ,g         1
  _Saving_RC_Offset
                                  00001444         4   data ,g         0
FILE=.\src\SrcUser\ctrl_fmu.obj
                                  00001448  00001493        4c
  _Msg_FMUToCtrl
                                  00001448        24   data ,g         b
  _Msg_CtrlToFMU
                                  0000146c        1c   data ,g        2e
  _En_Update_Alt_Sample
                                  00001488         4   data ,g         3
  _AutoCtrl_RC_Ch6
                                  0000148c         4   data ,g         4
  _AutoCtrl_HeightAbove_35cm
                                  00001490         4   data ,g         3
FILE=.\src\SrcUser\ctrl_key.obj
                                  00001494  000014a7        14
  _Key
                                  00001494        10   data ,g         c
  _StartUnlock_By_Key
                                  000014a4         4   data ,g         4
FILE=.\src\SrcUser\ctrl_pid.obj
                                  000014a8  00001977       4d0
  _Dof_Alt_Smp
                                  000014a8        20   data ,g         e
  _SysPID
                                  000014c8       4b0   data ,g        df
FILE=.\src\SrcUser\ctrl_smp.obj
                                  00001978  000019bb        44
  _Msg_SmpToCtrl
                                  00001978        1c   data ,g        10
  _En_Update_PID
                                  00001994         4   data ,g         3
  _En_SendMsgToFMU_WhenSmpUpdate
                                  00001998         4   data ,g         3
  _En_SendDbgMsg
                                  0000199c         4   data ,g         1
  _En_Update_Act
                                  000019a0         4   data ,g         3
  _Msg_CtrlToSmp
                                  000019a4        18   data ,g         8
FILE=.\src\SrcUser\ctrl_usart.obj
                                  000019bc  000019d3        18
  _U1_Rx_End
                                  000019bc         4   data ,g         3
  _U1_Tx_End
                                  000019c0         4   data ,g         2
  _U2_Rx_End
                                  000019c4         4   data ,g         3
  _U2_Tx_End
                                  000019c8         4   data ,g         2
  _U3_Rx_End
                                  000019cc         4   data ,g         0
  _U3_Tx_End
                                  000019d0         4   data ,g         0
FILE=xfiles
                                  000019d4  00001aab        d8
  __Stdin
                                  000019d4        48   data ,g         c
  __Stdout
                                  00001a1c        48   data ,g         b
  __Stderr
                                  00001a64        48   data ,g         6
FILE=malloc
                                  00001aac  00001ab3         8
  __Aldata
                                  00001aac         8   data ,g         3

SECTION=RPFRAM
FILE=.\r_flash_rx\src\flash_type_1\r_codeflash.obj
                                  00001ab4  00001e7e       3cb
  _R_CF_Enter_PE_Mode
                                  00001ab4        69   func ,g         1
  _R_CF_Enter_Read_Mode
                                  00001b1d        3c   func ,g         1
  _R_CF_Write
                                  00001b59        37   func ,g         1
  _R_CF_Write_Operation
                                  00001b90        5e   func ,g         2
  _R_CF_Write_Check
                                  00001bee        c8   func ,g         1
  _R_CF_Erase
                                  00001cb6        59   func ,g         1
  _R_CF_Erase_Check
                                  00001d0f        73   func ,g         1
  _R_CF_BlankCheck
                                  00001d82        53   func ,g         1
  _R_CF_BlankCheck_Check
                                  00001dd5        73   func ,g         1
  _r_cf_write_fpmcr
                                  00001e48        37   func ,l         8
FILE=.\r_flash_rx\src\flash_type_1\r_codeflash_extra.obj
                                  00001e7f  00002115       297
  _R_CF_SetAccessWindow
                                  00001e7f        63   func ,g         1
  _R_CF_GetAccessWindow
                                  00001ee2        3b   func ,g         1
  _R_CF_ToggleStartupArea
                                  00001f1d        5c   func ,g         1
  _r_cf_set_startup_area
                                  00001f79        29   func ,l         2
  _R_CF_GetCurrentStartupArea
                                  00001fa2        1b   func ,g         1
  _R_CF_GetCurrentSwapState
                                  00001fbd        17   func ,g         1
  _R_CF_SetCurrentSwapState
                                  00001fd4        7d   func ,g         1
  _r_cf_extra_operation
                                  00002051        67   func ,l         2
  _r_cf_extra_check
                                  000020b8        5e   func ,g         2
FILE=.\r_flash_rx\src\flash_type_1\r_flash_type1.obj
                                  00002116  00002717       602
  _flash_api_control
                                  00002116       217   func ,g         1
  _flash_api_write
                                  0000232d       135   func ,g         1
  _flash_api_erase
                                  00002462       12b   func ,g         1
  _flash_api_blankcheck
                                  0000258d       142   func ,g         1
  _flash_get_status
                                  000026cf        1a   func ,g         1
  _r_flash_delay_us
                                  000026e9        2f   func ,g         5
FILE=.\r_flash_rx\src\flash_type_1\r_flash_utils.obj
                                  00002718  00002871       15a
  _flash_pe_mode_enter
                                  00002718        20   func ,g         6
  _flash_erase
                                  00002738        43   func ,g         1
  _flash_write
                                  0000277b        47   func ,g         1
  _flash_blankcheck
                                  000027c2        5c   func ,g         1
  _flash_pe_mode_exit
                                  0000281e        23   func ,g         c
  _flash_stop
                                  00002841        1a   func ,g         0
  _flash_reset
                                  0000285b        17   func ,g         f
FILE=.\r_flash_rx\src\r_flash_rx.obj
                                  00002872  00002939        c8
  _flash_softwareLock
                                  00002872        26   func ,g         1
  _flash_softwareUnlock
                                  00002898        10   func ,g         1
  _R_FLASH_Write
                                  000028a8        15   func ,g         1
  _R_FLASH_Erase
                                  000028bd        10   func ,g         1
  _R_FLASH_BlankCheck
                                  000028cd        15   func ,g         1
  _R_FLASH_Control
                                  000028e2        10   func ,g         0
  _R_FLASH_GetVersion
                                  000028f2         e   func ,g         0
  _flash_lock_state
                                  00002900        27   func ,g         6
  _flash_release_state
                                  00002927        13   func ,g        11

SECTION=C_2
FILE=.\r_bsp\mcu\rx23t\cpu.obj
                                  fffe0000  fffe0007         8
  _g_prcr_masks
                                  fffe0000         8   data ,l         2

SECTION=C
FILE=.\r_bsp\board\rskrx23t\dbsct.obj
                                  fffe0008  fffe001f        18
  __CTBL
                                  fffe0008        18   data ,g         0
FILE=.\r_bsp\board\rskrx23t\lowsrc.obj
                                  fffe0020  fffe0023         4
  __nfiles
                                  fffe0020         4   data ,g         4
FILE=xfoprep
                                  fffe0024  fffe006b        48
  _init$1
                                  fffe0024        48   data ,l         1
FILE=xfopen
                                  fffe006c  fffe007b        10
  _rwacc$1
                                  fffe006c        10   data ,l         1
FILE=_sbrk_si
                                  fffe007c  fffe007f         4
  __sbrk_size
                                  fffe007c         4   data ,g         1

SECTION=C$DSEC
FILE=.\r_bsp\board\rskrx23t\dbsct.obj
                                  fffe0080  fffe00a3        24
  __DTBL
                                  fffe0080        24   data ,g         0

SECTION=C$BSEC
FILE=.\r_bsp\board\rskrx23t\dbsct.obj
                                  fffe00a4  fffe00bb        18
  __BTBL
                                  fffe00a4        18   data ,g         0

SECTION=C$VECT
FILE=.\r_bsp\board\rskrx23t\resetprg.obj
                                  fffe00bc  fffe04bb       400

SECTION=D
FILE=.\r_bsp\board\rskrx23t\lowsrc.obj
                                  fffe04bc  fffe04cf        14
FILE=.\r_bsp\board\rskrx23t\sbrk.obj
                                  fffe04d0  fffe04d3         4
FILE=.\r_flash_rx\src\r_flash_rx.obj
                                  fffe04d4  fffe04f3        20
FILE=.\src\SrcUser\ctrl_basic.obj
                                  fffe04f4  fffe04fb         8
FILE=.\src\SrcUser\ctrl_control.obj
                                  fffe04fc  fffe054f        54
FILE=.\src\SrcUser\ctrl_drone_status.obj
                                  fffe0550  fffe0557         8
FILE=.\src\SrcUser\ctrl_flash.obj
                                  fffe0558  fffe055f         8
FILE=.\src\SrcUser\ctrl_fmu.obj
                                  fffe0560  fffe05ab        4c
FILE=.\src\SrcUser\ctrl_key.obj
                                  fffe05ac  fffe05bf        14
FILE=.\src\SrcUser\ctrl_pid.obj
                                  fffe05c0  fffe0a8f       4d0
FILE=.\src\SrcUser\ctrl_smp.obj
                                  fffe0a90  fffe0ad3        44
FILE=.\src\SrcUser\ctrl_usart.obj
                                  fffe0ad4  fffe0aeb        18
FILE=xfiles
                                  fffe0aec  fffe0bc3        d8
FILE=malloc
                                  fffe0bc4  fffe0bcb         8

SECTION=D_1
FILE=.\src\SrcUser\ctrl_usart.obj
                                  fffe0bcc  fffe12d3       708
FILE=xfiles
                                  fffe12d4  fffe1323        50

SECTION=D_2
FILE=.\src\SrcUser\ctrl_control.obj
                                  fffe1324  fffe134d        2a
FILE=.\src\SrcUser\ctrl_encoder.obj
                                  fffe134e  fffe1351         4
FILE=.\src\SrcUser\ctrl_fmu.obj
                                  fffe1352  fffe1355         4
FILE=.\src\SrcUser\ctrl_smp.obj
                                  fffe1356  fffe1359         4

SECTION=L
FILE=.\r_bsp\board\rskrx23t\dbsct.obj
                                  fffe135c  fffe135f         4
  _deadSpace
                                  fffe135c         4   data ,g         0
FILE=.\r_bsp\board\rskrx23t\lowsrc.obj
                                  fffe1360  fffe13a1        42

SECTION=P
FILE=.\r_bsp\board\rskrx23t\hwsetup.obj
                                  fffe13a2  fffe1476        d5
  _hardware_setup
                                  fffe13a2         e   func ,g         1
  _output_ports_configure
                                  fffe13b0        c5   func ,l         1
  _interrupts_configure
                                  fffe1475         1   func ,l         1
  _peripheral_modules_enable
                                  fffe1476         1   func ,l         1
FILE=.\r_bsp\board\rskrx23t\lowlvl.obj
                                  fffe1477  fffe14a6        30
  _charput
                                  fffe1477        18   func ,g         1
  _charget
                                  fffe148f        18   func ,g         1
FILE=.\r_bsp\board\rskrx23t\lowsrc.obj
                                  fffe14a7  fffe1762       2bc
  __INIT_IOLIB
                                  fffe14a7        be   func ,g         1
  __CLOSEALL
                                  fffe1565        3e   func ,g         1
  _open
                                  fffe15a3        a7   func ,g         1
  _close
                                  fffe164a         b   func ,g         1
  _write
                                  fffe1655        8c   func ,g         1
  _read
                                  fffe16e1        71   func ,g         0
  _lseek
                                  fffe1752        11   func ,g         0
FILE=.\r_bsp\board\rskrx23t\resetprg.obj
                                  fffe1763  fffe18b6       154
  _PowerON_Reset_PC
                                  fffe1763        62   entry,g         1
  _operating_frequency_set
                                  fffe17c5        4b   func ,l         1
  _clock_source_select
                                  fffe1810        94   func ,l         1
  _usb_lpc_clock_source_select
                                  fffe18a4        13   func ,l         1
FILE=.\r_bsp\board\rskrx23t\sbrk.obj
                                  fffe18b7  fffe18f2        3c
  _sbrk
                                  fffe18b7        3c   func ,g         1
FILE=.\r_bsp\board\rskrx23t\vecttbl.obj
                                  fffe18f3  fffe1a5d       16b
  _excep_supervisor_inst_isr
                                  fffe18f3        18   func ,g         1
  _excep_access_isr
                                  fffe190b        18   func ,g         1
  _excep_undefined_inst_isr
                                  fffe1923        18   func ,g         1
  _excep_floating_point_isr
                                  fffe193b        2a   func ,g         1
  _non_maskable_isr
                                  fffe1965        c2   func ,g         1
  _undefined_interrupt_source_isr
                                  fffe1a27        18   func ,g         6
  _bus_error_isr
                                  fffe1a3f        1f   func ,g         0
FILE=.\r_bsp\mcu\all\r_bsp_common.obj
                                  fffe1a5e  fffe1b8b       12e
  _R_BSP_GetVersion
                                  fffe1a5e         e   func ,g         0
  _R_BSP_GetIClkFreqHz
                                  fffe1a6c         a   func ,g         1
  _R_BSP_SoftwareDelay
                                  fffe1a76       116   func ,g         0
FILE=.\r_bsp\mcu\rx23t\cpu.obj
                                  fffe1b8c  fffe1caf       124
  _R_BSP_InterruptsDisable
                                  fffe1b8c         3   func ,g         0
  _R_BSP_InterruptsEnable
                                  fffe1b8f         3   func ,g         0
  _R_BSP_CpuInterruptLevelRead
                                  fffe1b92         e   func ,g         0
  _R_BSP_CpuInterruptLevelWrite
                                  fffe1ba0        2c   func ,g         0
  _R_BSP_RegisterProtectEnable
                                  fffe1bcc        6e   func ,g         1
  _R_BSP_RegisterProtectDisable
                                  fffe1c3a        54   func ,g         1
  _bsp_register_protect_open
                                  fffe1c8e        22   func ,g         1
FILE=.\r_bsp\mcu\rx23t\locking.obj
                                  fffe1cb0  fffe1d1b        6c
  _R_BSP_SoftwareLock
                                  fffe1cb0        26   func ,g         1
  _R_BSP_SoftwareUnlock
                                  fffe1cd6        10   func ,g         1
  _R_BSP_HardwareLock
                                  fffe1ce6        1b   func ,g         0
  _R_BSP_HardwareUnlock
                                  fffe1d01        1b   func ,g         0
FILE=.\r_bsp\mcu\rx23t\mcu_clocks.obj
                                  fffe1d1c  fffe1da8        8d
  _get_iclk_freq_hz
                                  fffe1d1c        8d   func ,g         1
FILE=.\r_bsp\mcu\rx23t\mcu_init.obj
                                  fffe1da9  fffe1e16        6e
  _bsp_non_existent_port_init
                                  fffe1da9        6e   func ,g         1
FILE=.\r_bsp\mcu\rx23t\mcu_interrupts.obj
                                  fffe1e17  fffe1fd8       1c2
  _bsp_interrupt_open
                                  fffe1e17        26   func ,g         1
  _R_BSP_InterruptWrite
                                  fffe1e3d        4b   func ,g         1
  _R_BSP_InterruptRead
                                  fffe1e88        51   func ,g         0
  _R_BSP_InterruptControl
                                  fffe1ed9        81   func ,g         c
  _bsp_interrupt_enable_disable
                                  fffe1f5a        7f   func ,g         2
FILE=.\r_flash_rx\src\flash_type_1\r_flash_type1.obj
                                  fffe1fd9  fffe1ff4        1c
  _flash_api_open
                                  fffe1fd9        1c   func ,g         1
FILE=.\r_flash_rx\src\r_flash_rx.obj
                                  fffe1ff5  fffe2049        55
  _R_FLASH_Open
                                  fffe1ff5        1f   func ,g         1
  _R_FlashCodeCopy
                                  fffe2014        36   func ,g         1
FILE=.\src\Flgiht.obj
                                  fffe204a  fffe20c9        80
  _R_MAIN_UserInit
                                  fffe204a        5b   func ,g         1
  _main
                                  fffe20a5        25   func ,g         1
FILE=.\src\SrcUser\ctrl_basic.obj
                                  fffe20ca  fffe2311       248
  _Average_Float
                                  fffe20ca        3c   func ,g         0
  _Fill_Mem
                                  fffe2106        26   func ,g         2
  _SysDelay_ms
                                  fffe212c        1c   func ,g         1
  _Abs
                                  fffe2148        1b   func ,g         1
  _Constraint
                                  fffe2163        2e   func ,g         1
  _Constraint_By_Abs
                                  fffe2191        14   func ,g         1
  _DataFilter
                                  fffe21a5        c1   func ,g         1
  _Data_Quick_Sort
                                  fffe2266        ac   func ,g         3
FILE=.\src\SrcUser\ctrl_control.obj
                                  fffe2312  fffe3c80      196f
  _SysCtrl_Update_PID_Set_Find_St
                                  fffe2312         1   func ,l         1
  _SysCtrl_Update_PID_Set_Demo_St
                                  fffe2313        2e   func ,l         1
  _SysCtrl_Update_PID_Set_Demo_StToSp
                                  fffe2341        2e   func ,l         1
  _SysCtrl_Update_PID_Set_Demo_StLdLu
                                  fffe236f        2e   func ,l         1
  _SysCtrl_Update_Act_Find_St
                                  fffe239d       1fd   func ,l         1
  _SysCtrl_Update_Act_Demo_St
                                  fffe259a       220   func ,l         1
  _SysCtrl_Update_Act_Demo_StToSp
                                  fffe27ba       35e   func ,l         1
  _SysCtrl_Update_Act_Demo_StLdLu
                                  fffe2b18       369   func ,l         1
  _SysCtrl_Update_Lost_Info_Find_St
                                  fffe2e81         a   func ,l         1
  _SysCtrl_Update_Lost_Info_Demo_St
                                  fffe2e8b        b7   func ,l         1
  _SysCtrl_Update_Lost_Info_Demo_StToSp
                                  fffe2f42       127   func ,l         1
  _SysCtrl_Update_Lost_Info_Demo_StLdLU
                                  fffe3069       149   func ,l         1
  _SysCtrl_Update_PID_Change_Find_St
                                  fffe31b2        ef   func ,l         1
  _SysCtrl_Update_PID_Change_Demo_St
                                  fffe32a1         1   func ,l         1
  _SysCtrl_Update_PID_Change_Demo_StToSp
                                  fffe32a2        19   func ,l         1
  _SysCtrl_Update_PID_Change_Demo_StLdLU
                                  fffe32bb        29   func ,l         1
  _SysCtrl_Msg_Ctrl_To_FMU_Init
                                  fffe32e4         a   func ,g         1
  _SysCtrl_Modify_RC_Offset
                                  fffe32ee        4b   func ,g         1
  _SysCtrl_Set_Demo_By_Encoder
                                  fffe3339        4a   func ,g         1
  _SysCtrl_Init_Find_Start_Point
                                  fffe3383        2b   func ,g         1
  _SysCtrl_Update_PID
                                  fffe33ae        26   func ,g         1
  _SysCtrl_Update_PID_Set
                                  fffe33d4        a1   func ,g         1
  _SysCtrl_Update_PID_Sample
                                  fffe3475       113   func ,g         1
  _SysCtrl_Update_PID_Error
                                  fffe3588       182   func ,g         1
  _SysCtrl_Update_PID_Calculate
                                  fffe370a       117   func ,g         1
  _SysCtrl_Update_PID_Change
                                  fffe3821        30   func ,g         1
  _SysCtrl_Update_Act
                                  fffe3851        70   func ,g         1
  _SysCtrl_Update_Lost_Info
                                  fffe38c1        30   func ,g         1
  _SysCtrl_Update_Msg_Ctrl_To_FMU_Type
                                  fffe38f1       22a   func ,g         8
  _SysCtrl_Update_Msg_Ctrl_To_FMU
                                  fffe3b1b        c6   func ,g         0
  _SysCtrl_Unlock_FMU
                                  fffe3be1        35   func ,g         1
  _Is_On_Node
                                  fffe3c16        6b   func ,g        13
FILE=.\src\SrcUser\ctrl_encoder.obj
                                  fffe3c81  fffe3ce1        61
  _Update_Encoder_Value
                                  fffe3c81        31   func ,g         2
  _Update_Encoder_PowerOn_Value
                                  fffe3cb2         d   func ,g         1
  _Get_Encoder_Value
                                  fffe3cbf        12   func ,g         1
  _Get_Encoder_PowerOn_Value
                                  fffe3cd1        11   func ,g         0
FILE=.\src\SrcUser\ctrl_flash.obj
                                  fffe3ce2  fffe3ec1       1e0
  _Flash_Erase_User_Zone
                                  fffe3ce2        4d   func ,l         1
  _Key_PowerOn_Event_Handle
                                  fffe3d2f        c3   func ,g         1
  _Save_RC_Offset_To_Flash
                                  fffe3df2        73   func ,g         1
  _Read_RC_Offset_From_Flash
                                  fffe3e65        5d   func ,g         1
FILE=.\src\SrcUser\ctrl_fmu.obj
                                  fffe3ec2  fffe40c2       201
  _Msg_FMU_To_Ctrl_Update
                                  fffe3ec2       201   func ,g         2
FILE=.\src\SrcUser\ctrl_key.obj
                                  fffe40c3  fffe427c       1ba
  _Update_Key_Value
                                  fffe40c3        95   func ,g         2
  _Update_Key_PowerOn_Value
                                  fffe4158        40   func ,g         1
  _Unlock_FMU_By_Key_Handle
                                  fffe4198        e5   func ,g         1
FILE=.\src\SrcUser\ctrl_pid.obj
                                  fffe427d  fffe4ac5       849
  _Dof_PID_Init_Similar_Parameter
                                  fffe427d        fd   func ,l         4
  _PID_Parameter_Init
                                  fffe437a       3d0   func ,g         1
  _PID_Update_Alt_Sample
                                  fffe474a        b4   func ,g         1
  _Get_Height
                                  fffe47fe        14   func ,g         6
  _Dof_PID_Update_Calculate
                                  fffe4812        57   func ,g         4
  _Dof_PID_Update
                                  fffe4869        78   func ,g         0
  _Is_Alt_Valid
                                  fffe48e1        2c   func ,g         1
  _PID_Update_Sample
                                  fffe490d        6f   func ,g         9
  _PID_Update_Set
                                  fffe497c        30   func ,g         1
  _PID_Update_Error
                                  fffe49ac        8d   func ,g         9
  _PID_Update_Out
                                  fffe4a39        5a   func ,g         3
  _PID_Update
                                  fffe4a93        33   func ,g         2
FILE=.\src\SrcUser\ctrl_smp.obj
                                  fffe4ac6  fffe4d1a       255
  _Msg_Ctrl_To_Smp_Init
                                  fffe4ac6         a   func ,g         1
  _Msg_Smp_To_Ctrl_Update
                                  fffe4ad0       1e8   func ,g         1
  _Msg_Ctrl_To_Smp_Update
                                  fffe4cb8        63   func ,g         1
FILE=.\src\SrcUser\ctrl_usart.obj
                                  fffe4d1b  fffe4d7e        64
  _Usart_Rx_Buf_Init
                                  fffe4d1b        64   func ,g         1
FILE=.\src\cg_src\r_cg_cgc.obj
                                  fffe4d7f  fffe4d86         8
  _R_CGC_Create
                                  fffe4d7f         8   func ,g         1
FILE=.\src\cg_src\r_cg_cmt.obj
                                  fffe4d87  fffe4de3        5d
  _R_CMT2_Create
                                  fffe4d87        34   func ,g         1
  _R_CMT2_Start
                                  fffe4dbb        13   func ,g         1
  _R_CMT2_Stop
                                  fffe4dce        16   func ,g         0
FILE=.\src\cg_src\r_cg_cmt_user.obj
                                  fffe4de4  fffe4e43        60
  _r_cmt_cmi2_interrupt
                                  fffe4de4        60   func ,l         0
FILE=.\src\cg_src\r_cg_hardware_setup.obj
                                  fffe4e44  fffe4e97        54
  _r_undefined_exception
                                  fffe4e44         1   func ,g         1
  _R_Systeminit
                                  fffe4e45        4f   func ,g         1
  _HardwareSetup
                                  fffe4e94         4   func ,g         1
FILE=.\src\cg_src\r_cg_port.obj
                                  fffe4e98  fffe4ef1        5a
  _R_PORT_Create
                                  fffe4e98        5a   func ,g         1
FILE=.\src\cg_src\r_cg_sci.obj
                                  fffe4ef2  fffe5283       392
  _R_SCI1_Create
                                  fffe4ef2        99   func ,g         2
  _R_SCI1_Start
                                  fffe4f8b        34   func ,g         1
  _R_SCI1_Stop
                                  fffe4fbf        5c   func ,g         0
  _R_SCI1_Serial_Receive
                                  fffe501b        4f   func ,g         3
  _R_SCI1_Serial_Send
                                  fffe506a        51   func ,g         1
  _R_SCI5_Create
                                  fffe50bb        99   func ,g         2
  _R_SCI5_Start
                                  fffe5154        34   func ,g         1
  _R_SCI5_Stop
                                  fffe5188        5c   func ,g         0
  _R_SCI5_Serial_Receive
                                  fffe51e4        4f   func ,g         3
  _R_SCI5_Serial_Send
                                  fffe5233        51   func ,g         1
FILE=.\src\cg_src\r_cg_sci_user.obj
                                  fffe5284  fffe54dd       25a
  _r_sci1_transmit_interrupt
                                  fffe5284        4c   func ,l         0
  _r_sci1_transmitend_interrupt
                                  fffe52d0        2e   func ,l         0
  _r_sci1_receive_interrupt
                                  fffe52fe        60   func ,l         0
  _r_sci1_receiveerror_interrupt
                                  fffe535e        31   func ,l         0
  _r_sci1_callback_transmitend
                                  fffe538f         a   func ,l         1
  _r_sci1_callback_receiveend
                                  fffe5399         a   func ,l         1
  _r_sci1_callback_receiveerror
                                  fffe53a3         e   func ,l         1
  _r_sci5_transmit_interrupt
                                  fffe53b1        4c   func ,l         0
  _r_sci5_transmitend_interrupt
                                  fffe53fd        2e   func ,l         0
  _r_sci5_receive_interrupt
                                  fffe542b        60   func ,l         0
  _r_sci5_receiveerror_interrupt
                                  fffe548b        31   func ,l         0
  _r_sci5_callback_transmitend
                                  fffe54bc         a   func ,l         1
  _r_sci5_callback_receiveend
                                  fffe54c6         a   func ,l         1
  _r_sci5_callback_receiveerror
                                  fffe54d0         e   func ,l         1
FILE=freopen
                                  fffe54de  fffe550c        2f
  _freopen
                                  fffe54de        2f   func ,g         3
FILE=fclose
                                  fffe550d  fffe5560        54
  _fclose
                                  fffe550d        54   func ,g         4
FILE=__COM_DIV64u
                                  fffe5561  fffe55f9        99
  __COM_DIV64u
                                  fffe5561         0   none ,g         1
  _Loop_Init
                                  fffe556b         0   none ,l         2
  _Loop
                                  fffe5573         0   none ,l         1
  _DivStart
                                  fffe557f         0   none ,l         3
  _Success
                                  fffe558d         0   none ,l         1
  _DivEnd
                                  fffe5599         0   none ,l         0
  IXI6DIV
                                  fffe559e         0   none ,l         1
  IXI4DIV
                                  fffe55b0         0   none ,l         1
  IXI2DIV
                                  fffe55c0         0   none ,l         1
  I8I2DIV
                                  fffe55c8         0   none ,l         1
  I4I2DIV
                                  fffe55f6         0   none ,l         1
  _i8divU_End
                                  fffe55f9         0   none ,l         0
FILE=__initsct
                                  fffe55fa  fffe5643        4a
  __INITSCT
                                  fffe55fa         0   none ,g         1
  loop1
                                  fffe560c         0   none ,l         1
  next_loop1
                                  fffe561a         0   none ,l         2
  loop3
                                  fffe562c         0   none ,l         1
  next_loop3
                                  fffe563d         0   none ,l         2
FILE=fflush
                                  fffe5644  fffe56c6        83
  _fflush
                                  fffe5644        83   func ,g         2
FILE=xfoprep
                                  fffe56c7  fffe579c        d6
  __Foprep
                                  fffe56c7        d6   func ,g         1
FILE=xfofind
                                  fffe579d  fffe582a        8e
  __Fofind
                                  fffe579d        45   func ,g         0
  __Fofree
                                  fffe57e2        49   func ,g         2
FILE=free
                                  fffe582b  fffe58ad        83
  _free
                                  fffe582b        83   func ,g         3
FILE=xfopen
                                  fffe58ae  fffe58dd        30
  __Fopen
                                  fffe58ae        30   func ,g         1
FILE=malloc
                                  fffe58de  fffe59bb        de
  _findmem
                                  fffe58de        7b   func ,l         1
  _malloc
                                  fffe5959        63   func ,g         1
FILE=xgetmem
                                  fffe59bc  fffe59d6        1b
  __Getmem
                                  fffe59bc        1b   func ,g         1

SECTION=PFRAM
FILE=.\r_flash_rx\src\flash_type_1\r_codeflash.obj
                                  fffe59d7  fffe5da1       3cb
FILE=.\r_flash_rx\src\flash_type_1\r_codeflash_extra.obj
                                  fffe5da2  fffe6038       297
FILE=.\r_flash_rx\src\flash_type_1\r_flash_type1.obj
                                  fffe6039  fffe663a       602
FILE=.\r_flash_rx\src\flash_type_1\r_flash_utils.obj
                                  fffe663b  fffe6794       15a
FILE=.\r_flash_rx\src\r_flash_rx.obj
                                  fffe6795  fffe685c        c8

SECTION=EXCEPTVECT
FILE=.\r_bsp\board\rskrx23t\vecttbl.obj
                                  ffffff80  fffffffb        7c
  _Except_Vectors
                                  ffffff80        7c   data ,g         0

SECTION=RESETVECT
FILE=.\r_bsp\board\rskrx23t\vecttbl.obj
                                  fffffffc  ffffffff         4
  _Reset_Vector
                                  fffffffc         4   data ,g         0

*** Unfilled Areas ***

AREA                                START    END

*** Delete Symbols ***

SYMBOL                                SIZE    INFO
